// Jest Snapshot v1, https://goo.gl/fbAQLP

exports[`<App /> renders correctly with defaults 1`] = `
<main
  className="app"
>
  <div
    className="calculatorMain"
  >
    <h2
      className="tradeMark"
    >
      basic calculator
      <sup>
        â„¢
      </sup>
    </h2>
    <output
      className="screen"
    >
      0
    </output>
    <div
      className="buttonsContainer"
      onClick={[Function]}
    >
      <button
        className="button add"
        type="button"
        value="+"
      >
        +
      </button>
      <button
        className="button subtract"
        type="button"
        value="-"
      >
        -
      </button>
      <button
        className="button multiple"
        type="button"
        value="*"
      >
        *
      </button>
      <button
        className="button divide"
        type="button"
        value="/"
      >
        /
      </button>
      <button
        className="button key7"
        type="button"
        value="7"
      >
        7
      </button>
      <button
        className="button key8"
        type="button"
        value="8"
      >
        8
      </button>
      <button
        className="button key9"
        type="button"
        value="9"
      >
        9
      </button>
      <button
        className="button key4"
        type="button"
        value="4"
      >
        4
      </button>
      <button
        className="button key5"
        type="button"
        value="5"
      >
        5
      </button>
      <button
        className="button key6"
        type="button"
        value="6"
      >
        6
      </button>
      <button
        className="button key1"
        type="button"
        value="1"
      >
        1
      </button>
      <button
        className="button key2"
        type="button"
        value="2"
      >
        2
      </button>
      <button
        className="button key3"
        type="button"
        value="3"
      >
        3
      </button>
      <button
        className="button clearScreen"
        type="button"
        value="C"
      >
        C
      </button>
      <button
        className="button calculate"
        type="button"
        value="="
      >
        =
      </button>
      <button
        className="button key0"
        type="button"
        value="0"
      >
        0
      </button>
    </div>
  </div>
</main>
`;
